00:00:01.046032 VirtualBox GUI VM Selector Window 7.1.0 r164728 linux.amd64 (Sep 11 2024 20:08:27) release log
00:00:01.046034 Log opened 2024-09-22T09:42:54.838149000Z
00:00:01.046034 Build Type: release
00:00:01.046036 OS Product: Linux
00:00:01.046037 OS Release: 6.10.10-arch1-1
00:00:01.046037 OS Version: #1 SMP PREEMPT_DYNAMIC Thu, 12 Sep 2024 17:21:02 +0000
00:00:01.046060 DMI Product Name: X570 AORUS MASTER
00:00:01.046071 DMI Product Version: -CF
00:00:01.046075 Firmware type: UEFI
00:00:01.046467 Secure Boot: Disabled
00:00:01.046506 Host RAM: 32038MB (31.2GB) total, 29331MB (28.6GB) available
00:00:01.046508 Executable: /usr/lib/virtualbox/VirtualBox
00:00:01.046509 Process ID: 5719
00:00:01.046509 Package type: LINUX_64BITS_GENERIC (OSE)
00:00:01.046534 Qt version: 6.7.2
00:00:01.048112 GUI: UIMediumEnumerator: Initial medium-enumeration finished!
00:00:01.065608 GUI: UIMediumEnumerator: Medium-enumeration started...
00:00:01.511276 GUI: UIMediumEnumerator: Medium-enumeration finished!
00:00:01.535106 GUI: UIDesktopWidgetWatchdog::sltHandleHostScreenAvailableGeometryCalculated: Screen 0 work area is actually resized to: 1x29 x 1398x1402
00:00:06.042571 GUI: UIMediumEnumerator: Medium-enumeration finished!
00:00:06.677764 GUI: UIMediumEnumerator: Medium-enumeration finished!
00:00:28.013281 GUI: UICommon: Handling aboutToQuit request..
00:00:28.706598 GUI: UICommon: aboutToQuit request handled!
